<!DOCTYPE html>
<!--[if lte IE 6]>            <html class="no-js lt-ie9 lt-ie8 lt-ie7" lang="en"> <![endif]-->
<!--[if IEMobile 7]>          <html class="no-js iem7" lang="en"> <![endif]-->
<!--[if (IE 7)&(!IEMobile)]>  <html class="no-js lt-ie9 lt-ie8" lang="en"> <![endif]-->
<!--[if IE 8]>                <html class="no-js lt-ie9" lang="en"> <![endif]-->
<!--[if (gte IE 9)|(gt IEMobile 7)]><!--> <html class="no-js" lang="en"> <!--<![endif]-->
<head>
  <meta charset="utf-8">
  <title>KSS: Living Style Guide</title>

  <meta name="description" content="">
  <meta name="generator" content="kss-node">
  <meta name="viewport" content="width=device-width">

  <link rel="stylesheet" href="public/kss.css">
  
</head>
<body id="kss-node">

<div class="kss-sidebar kss-style">
  <header class="kss-header">
    <h1 class="kss-doc-title">kss-node<br>Style Guide</h1>
  </header>
  <nav class="kss-nav">
    <ul class="kss-nav__menu">
      <li class="kss-nav__menu-item">
        <a href="./">
          <span class="kss-nav__ref">0</span
          ><span class="kss-nav__name">Overview</span>
        </a>
      </li>
      <li class="kss-nav__menu-item">
        <a href="section-1.html">
          <span class="kss-nav__ref">1</span
          ><span class="kss-nav__name">Modules</span>
        </a>
        <ul class="kss-nav__menu-child">
            <li class="kss-nav__menu-item">
              <a href="section-1.html#kssref-1.1">
                <span class="kss-nav__ref">1.1</span
                ><span class="kss-nav__name">Buttons</span>
              </a>
            </li>
        </ul>
      </li>
      <li class="kss-nav__menu-item">
        <a href="section-2.html">
          <span class="kss-nav__ref">2</span
          ><span class="kss-nav__name">Forms</span>
        </a>
      </li>
    </ul>
  </nav>
</div>
<article role="main" class="kss-main">

      <div     id="kssref-1" class="kss-section kss-section--depth-1">

    <div class="kss-style">
      <h1 class="kss-title kss-title--level-1">
        <a class="kss-title__permalink" href="#kssref-1">
          <span class="kss-title__ref">1</span
          >Modules
          <span class="kss-title__permalink-hash">#permalink</span>
        </a>
      </h1>


      <div class="kss-description">
        <p>Reusable elements that can be used across the site.
So far this just includes buttons.</p>

      </div>
    </div>


      </div>
      <section id="kssref-1.1" class="kss-section kss-section--depth-2">

    <div class="kss-style">
      <h2 class="kss-title kss-title--level-2">
        <a class="kss-title__permalink" href="#kssref-1.1">
          <span class="kss-title__ref">1.1</span
          >Buttons
          <span class="kss-title__permalink-hash">#permalink</span>
        </a>
      </h2>


      <div class="kss-description">
        <p>A majority of buttons in the site are built from the same base class.</p>

      </div>
    </div>

      <div class="kss-modifier__wrapper">
        <div class="kss-modifier__heading kss-style">
          Examples
        </div>
        <div class="kss-modifier__default-name kss-style">
          Default styling
        </div>
        <div class="kss-modifier__example">
          <a href="#" class="button {$modifiers}">Link Button</a>
<button class="button {$modifiers}">Button Element</button>
<input type="button" class="button {$modifiers}" value="input[type='button']"/>
        </div>
        <div class="kss-modifier__name kss-style">
          .primary
        </div>
        <div class="kss-modifier__description kss-style">
          Indicate that the button is the primary feature of this form.
        </div>
        <div class="kss-modifier__example">
          <a href="#" class="button {$modifiers}">Link Button</a>
<button class="button {$modifiers}">Button Element</button>
<input type="button" class="button {$modifiers}" value="input[type='button']"/>
        </div>
        <div class="kss-modifier__name kss-style">
          .remove
        </div>
        <div class="kss-modifier__description kss-style">
          Indicate that the button will remove a feature, or other negative connotations.
        </div>
        <div class="kss-modifier__example">
          <a href="#" class="button {$modifiers}">Link Button</a>
<button class="button {$modifiers}">Button Element</button>
<input type="button" class="button {$modifiers}" value="input[type='button']"/>
        </div>
        <div class="kss-modifier__name kss-style">
          :hover
        </div>
        <div class="kss-modifier__description kss-style">
          Highlight the button when hovered.
        </div>
        <div class="kss-modifier__example">
          <a href="#" class="button {$modifiers}">Link Button</a>
<button class="button {$modifiers}">Button Element</button>
<input type="button" class="button {$modifiers}" value="input[type='button']"/>
        </div>
        <div class="kss-modifier__name kss-style">
          :disabled
        </div>
        <div class="kss-modifier__description kss-style">
          Make the button change appearance to reflect it being disabled.
        </div>
        <div class="kss-modifier__example">
          <a href="#" class="button {$modifiers}">Link Button</a>
<button class="button {$modifiers}">Button Element</button>
<input type="button" class="button {$modifiers}" value="input[type='button']"/>
        </div>
        <div class="kss-modifier__name kss-style">
          :active
        </div>
        <div class="kss-modifier__description kss-style">
          &quot;Press&quot; the button down when clicked.
        </div>
        <div class="kss-modifier__example">
          <a href="#" class="button {$modifiers}">Link Button</a>
<button class="button {$modifiers}">Button Element</button>
<input type="button" class="button {$modifiers}" value="input[type='button']"/>
        </div>
      </div>

      <div class="kss-markup kss-style">
        <pre class="prettyprint linenums lang-html"><code data-language="html">&lt;a href=&quot;#&quot; class=&quot;button {$modifiers}&quot;&gt;Link Button&lt;/a&gt;
&lt;button class=&quot;button {$modifiers}&quot;&gt;Button Element&lt;/button&gt;
&lt;input type=&quot;button&quot; class=&quot;button {$modifiers}&quot; value=&quot;input[type=&#x27;button&#x27;]&quot;/&gt;</code></pre>
      </div>

      </section>
</article>

<!-- SCRIPTS -->
<script src="public/kss.js"></script>
<script src="public/prettify.js"></script>
<script>
  prettyPrint();
</script>



<!-- Automatically generated using <a href="https://github.com/kss-node/kss-node">kss-node</a>. -->
</body>
</html>
